F1 = x^2 + 1
F2(x,z,y) = x^5 y + x z y + z^2 y + 1